Epsilon : 1e-12
FEEngine [
 + id                : my_fem
 + element dimension : 1
 + mesh [
  Mesh [
   + id                : mesh
   + spatial dimension : 1
   + nodes [
    Array<double> [
     + id             : mesh:coordinates
     + size           : 11
     + nb_component   : 1
     + allocated size : 2000
     + memory size    : 15.62KiByte
     + values         : {{0}, {1}, {0.1}, {0.2}, {0.3}, {0.4}, {0.5}, {0.6}, {0.7}, {0.8}, {0.9}}
    ]
   + connectivities [
    ElementTypeMapArray<unsigned int> [
        (not_ghost:_point_1) [
       Array<unsigned int> [
        + id             : mesh:connectivities:_point_1
        + size           : 2
        + nb_component   : 1
        + allocated size : 2000
        + memory size    : 7.81KiByte
        + values         : {{0}, {1}}
       ]
         ]
        (not_ghost:_segment_2) [
       Array<unsigned int> [
        + id             : mesh:connectivities:_segment_2
        + size           : 10
        + nb_component   : 2
        + allocated size : 2000
        + memory size    : 15.62KiByte
        + values         : {{0, 2}, {2, 3}, {3, 4}, {4, 5}, {5, 6}, {6, 7}, {7, 8}, {8, 9}, {9, 10}, {10, 1}}
       ]
         ]
    ]
   ]
   GroupManager [
   ]
  ]
 ]
]

Array<double> [
 + id             : grad_on_quad
 + size           : 10
 + nb_component   : 2
 + allocated size : 10
 + memory size    : 160.00Byte
 + values         : {{13, 11}, {13, 11}, {13, 11}, {13, 11}, {13, 11}, {13, 11}, {13, 11}, {13, 11}, {13, 11}, {13, 11}}
]

