*** INFO *** Obtaining penalty parameters automatically. Average value: 14178.1
Generalized Newton iterations: 3
Generalized Newton iterations: 3
Generalized Newton iterations: 3
Generalized Newton iterations: 3
Generalized Newton iterations: 3
Generalized Newton iterations: 4
Generalized Newton iterations: 3
Generalized Newton iterations: 3
Generalized Newton iterations: 3
Generalized Newton iterations: 3
Generalized Newton iterations: 3
Generalized Newton iterations: 3
Generalized Newton iterations: 3
Generalized Newton iterations: 3
Generalized Newton iterations: 3
Generalized Newton iterations: 3
Generalized Newton iterations: 3
Generalized Newton iterations: 3
Generalized Newton iterations: 3
Generalized Newton iterations: 3
Generalized Newton iterations: 3
Generalized Newton iterations: 3
Generalized Newton iterations: 3
Generalized Newton iterations: 3
Generalized Newton iterations: 3
Generalized Newton iterations: 3
Generalized Newton iterations: 3
Generalized Newton iterations: 3
Generalized Newton iterations: 3
Generalized Newton iterations: 3
Generalized Newton iterations: 3
Generalized Newton iterations: 3
Generalized Newton iterations: 3
Generalized Newton iterations: 3
Generalized Newton iterations: 3
Generalized Newton iterations: 3
Generalized Newton iterations: 3
Generalized Newton iterations: 3
Generalized Newton iterations: 3
Generalized Newton iterations: 3
Generalized Newton iterations: 3
Generalized Newton iterations: 3
Generalized Newton iterations: 3
Generalized Newton iterations: 3
Generalized Newton iterations: 3
Generalized Newton iterations: 3
Generalized Newton iterations: 3
Generalized Newton iterations: 3
Generalized Newton iterations: 3
Force: 1.53988
