*** INFO *** Obtaining penalty parameters automatically. Average value: 3763.14
Generalized Newton iterations: 3
Generalized Newton iterations: 3
Generalized Newton iterations: 3
Generalized Newton iterations: 3
Generalized Newton iterations: 3
Generalized Newton iterations: 3
Generalized Newton iterations: 3
Generalized Newton iterations: 3
Generalized Newton iterations: 3
Generalized Newton iterations: 3
Generalized Newton iterations: 4
Generalized Newton iterations: 2
Generalized Newton iterations: 2
Generalized Newton iterations: 2
Generalized Newton iterations: 2
Generalized Newton iterations: 2
Generalized Newton iterations: 2
Generalized Newton iterations: 2
Generalized Newton iterations: 2
Generalized Newton iterations: 2
Generalized Newton iterations: 2
Generalized Newton iterations: 2
Generalized Newton iterations: 2
Generalized Newton iterations: 2
Generalized Newton iterations: 3
Generalized Newton iterations: 3
Generalized Newton iterations: 3
Generalized Newton iterations: 3
Generalized Newton iterations: 3
Generalized Newton iterations: 3
Generalized Newton iterations: 3
Generalized Newton iterations: 3
Generalized Newton iterations: 3
Generalized Newton iterations: 3
Generalized Newton iterations: 3
Generalized Newton iterations: 3
Generalized Newton iterations: 3
Generalized Newton iterations: 3
Generalized Newton iterations: 3
Generalized Newton iterations: 3
Generalized Newton iterations: 3
Generalized Newton iterations: 3
Generalized Newton iterations: 3
Generalized Newton iterations: 3
Generalized Newton iterations: 3
Generalized Newton iterations: 3
Generalized Newton iterations: 3
Generalized Newton iterations: 3
Generalized Newton iterations: 3
Force: 0.439482
