Loading the mesh.
Material elastic [
 rwp E        [Young's modulus]                      : 2.1e+11
 rwp alpha    [Thermal expansion coefficient]        : 0
 rwp delta_T  [Uniform temperature field]            : InternalField [ solid_mechanics_model:0:elastic:delta_T {1 types - 0 ghost types} ]
 r-p finite_deformation [Is finite deformation]      : false
 iii inelastic_deformation [Is inelastic deformation] : false
 r-- kapa     [Bulk coefficient]                     : 7e+10
 r-- lambda   [First Lamé coefficient]              : 0
 r-- mu       [Second Lamé coefficient]             : 1.05e+11
 r-p name                                            : steel
 rwp nu       [Poisson's ratio]                      : 0
 rwp rho      [Density]                              : 7800
]

Array<double> [
 + id             : solid_mechanics_model:displacement
 + size           : 27
 + nb_component   : 3
 + allocated size : 27
 + memory size    : 648.00Byte
 + values         : {{13, 13, 13}, {13, 13, 13}, {13, 13, 13}, {13, 13, 13}, {0, 0, 0}, {0, 0, 0}, {0, 0, 0}, {0, 0, 0}, {0, 0, 0}, {0, 0, 0}, {0, 0, 0}, {13, 13, 13}, {0, 0, 0}, {13, 13, 13}, {0, 0, 0}, {0, 0, 0}, {0, 0, 0}, {13, 13, 13}, {13, 13, 13}, {0, 0, 0}, {0, 0, 0}, {0, 0, 0}, {0, 0, 0}, {13, 13, 13}, {0, 0, 0}, {0, 0, 0}, {0, 0, 0}}
]
Array<double> [
 + id             : solid_mechanics_model:force
 + size           : 27
 + nb_component   : 3
 + allocated size : 27
 + memory size    : 648.00Byte
 + values         : {{0, 0, 0}, {0, 0, 0}, {0, 0, 0}, {0, 0, 0}, {0, 0, -0.0625}, {0, 0, -0.0625}, {0, 0, -0.0625}, {0, 0, -0.0625}, {0, 0, 0}, {0, 0, -0.125}, {0, 0, 0}, {0, 0, 0}, {0, 0, 0}, {0, 0, 0}, {0, 0, 0}, {0, 0, -0.125}, {0, 0, -0.125}, {0, 0, 0}, {0, 0, 0}, {0, 0, -0.125}, {0, 0, 0}, {0, 0, -0.25}, {0, 0, 0}, {0, 0, 0}, {0, 0, 0}, {0, 0, 0}, {0, 0, 0}}
]
