*** INFO *** Obtaining penalty parameters automatically. Average value: 16727.9
Generalized Newton iterations: 3
Generalized Newton iterations: 3
Generalized Newton iterations: 3
Generalized Newton iterations: 3
Generalized Newton iterations: 3
Generalized Newton iterations: 3
Generalized Newton iterations: 2
Generalized Newton iterations: 2
Generalized Newton iterations: 2
Generalized Newton iterations: 2
Generalized Newton iterations: 2
Generalized Newton iterations: 2
Generalized Newton iterations: 2
Generalized Newton iterations: 2
Generalized Newton iterations: 2
Generalized Newton iterations: 2
Generalized Newton iterations: 2
Generalized Newton iterations: 2
Generalized Newton iterations: 2
Generalized Newton iterations: 2
Generalized Newton iterations: 2
Generalized Newton iterations: 2
Generalized Newton iterations: 2
Generalized Newton iterations: 2
Generalized Newton iterations: 2
Generalized Newton iterations: 2
Generalized Newton iterations: 2
Generalized Newton iterations: 2
Generalized Newton iterations: 2
Generalized Newton iterations: 2
Generalized Newton iterations: 2
Generalized Newton iterations: 2
Generalized Newton iterations: 2
Generalized Newton iterations: 2
Generalized Newton iterations: 2
Generalized Newton iterations: 2
Generalized Newton iterations: 2
Generalized Newton iterations: 2
Generalized Newton iterations: 2
Generalized Newton iterations: 2
Generalized Newton iterations: 2
Generalized Newton iterations: 2
Generalized Newton iterations: 2
Generalized Newton iterations: 2
Generalized Newton iterations: 2
Generalized Newton iterations: 2
Generalized Newton iterations: 2
Generalized Newton iterations: 2
Generalized Newton iterations: 2
Force: 0.850644
