IntegrationPoint [Element [_quadrangle_4, 0, 0], 0(0)] IntegrationPoint [Element [_quadrangle_4, 0, 0], 0(0)] 
IntegrationPoint [Element [_quadrangle_4, 0, 0], 0(0)] IntegrationPoint [Element [_quadrangle_4, 0, 0], 1(1)] 
IntegrationPoint [Element [_quadrangle_4, 0, 0], 0(0)] IntegrationPoint [Element [_quadrangle_4, 0, 0], 16(16)] 
IntegrationPoint [Element [_quadrangle_4, 0, 0], 0(0)] IntegrationPoint [Element [_quadrangle_4, 0, 0], 2(2)] 
IntegrationPoint [Element [_quadrangle_4, 0, 0], 0(0)] IntegrationPoint [Element [_quadrangle_4, 0, 0], 4(4)] 
IntegrationPoint [Element [_quadrangle_4, 0, 0], 0(0)] IntegrationPoint [Element [_quadrangle_4, 0, 0], 3(3)] 
IntegrationPoint [Element [_quadrangle_4, 0, 0], 2(2)] IntegrationPoint [Element [_quadrangle_4, 0, 0], 2(2)] 
IntegrationPoint [Element [_quadrangle_4, 0, 0], 2(2)] IntegrationPoint [Element [_quadrangle_4, 0, 0], 4(4)] 
IntegrationPoint [Element [_quadrangle_4, 0, 0], 2(2)] IntegrationPoint [Element [_quadrangle_4, 0, 0], 6(6)] 
IntegrationPoint [Element [_quadrangle_4, 0, 0], 2(2)] IntegrationPoint [Element [_quadrangle_4, 0, 0], 3(3)] 
IntegrationPoint [Element [_quadrangle_4, 0, 0], 2(2)] IntegrationPoint [Element [_quadrangle_4, 0, 0], 5(5)] 
IntegrationPoint [Element [_quadrangle_4, 0, 0], 2(2)] IntegrationPoint [Element [_quadrangle_4, 0, 0], 18(18)] 
IntegrationPoint [Element [_quadrangle_4, 0, 0], 4(4)] IntegrationPoint [Element [_quadrangle_4, 0, 0], 4(4)] 
IntegrationPoint [Element [_quadrangle_4, 0, 0], 4(4)] IntegrationPoint [Element [_quadrangle_4, 0, 0], 6(6)] 
IntegrationPoint [Element [_quadrangle_4, 0, 0], 4(4)] IntegrationPoint [Element [_quadrangle_4, 0, 0], 5(5)] 
IntegrationPoint [Element [_quadrangle_4, 0, 0], 4(4)] IntegrationPoint [Element [_quadrangle_4, 0, 0], 7(7)] 
IntegrationPoint [Element [_quadrangle_4, 0, 0], 4(4)] IntegrationPoint [Element [_quadrangle_4, 0, 0], 20(20)] 
IntegrationPoint [Element [_quadrangle_4, 0, 0], 4(4)] IntegrationPoint [Element [_quadrangle_4, 0, 0], 8(8)] 
IntegrationPoint [Element [_quadrangle_4, 0, 0], 6(6)] IntegrationPoint [Element [_quadrangle_4, 0, 0], 6(6)] 
IntegrationPoint [Element [_quadrangle_4, 0, 0], 6(6)] IntegrationPoint [Element [_quadrangle_4, 0, 0], 7(7)] 
IntegrationPoint [Element [_quadrangle_4, 0, 0], 6(6)] IntegrationPoint [Element [_quadrangle_4, 0, 0], 22(22)] 
IntegrationPoint [Element [_quadrangle_4, 0, 0], 6(6)] IntegrationPoint [Element [_quadrangle_4, 0, 0], 8(8)] 
IntegrationPoint [Element [_quadrangle_4, 0, 0], 6(6)] IntegrationPoint [Element [_quadrangle_4, 0, 0], 10(10)] 
IntegrationPoint [Element [_quadrangle_4, 0, 0], 6(6)] IntegrationPoint [Element [_quadrangle_4, 0, 0], 9(9)] 
IntegrationPoint [Element [_quadrangle_4, 0, 0], 8(8)] IntegrationPoint [Element [_quadrangle_4, 0, 0], 8(8)] 
IntegrationPoint [Element [_quadrangle_4, 0, 0], 8(8)] IntegrationPoint [Element [_quadrangle_4, 0, 0], 10(10)] 
IntegrationPoint [Element [_quadrangle_4, 0, 0], 8(8)] IntegrationPoint [Element [_quadrangle_4, 0, 0], 12(12)] 
IntegrationPoint [Element [_quadrangle_4, 0, 0], 8(8)] IntegrationPoint [Element [_quadrangle_4, 0, 0], 9(9)] 
IntegrationPoint [Element [_quadrangle_4, 0, 0], 8(8)] IntegrationPoint [Element [_quadrangle_4, 0, 0], 11(11)] 
IntegrationPoint [Element [_quadrangle_4, 0, 0], 8(8)] IntegrationPoint [Element [_quadrangle_4, 0, 0], 24(24)] 
IntegrationPoint [Element [_quadrangle_4, 0, 0], 10(10)] IntegrationPoint [Element [_quadrangle_4, 0, 0], 10(10)] 
IntegrationPoint [Element [_quadrangle_4, 0, 0], 10(10)] IntegrationPoint [Element [_quadrangle_4, 0, 0], 12(12)] 
IntegrationPoint [Element [_quadrangle_4, 0, 0], 10(10)] IntegrationPoint [Element [_quadrangle_4, 0, 0], 11(11)] 
IntegrationPoint [Element [_quadrangle_4, 0, 0], 10(10)] IntegrationPoint [Element [_quadrangle_4, 0, 0], 13(13)] 
IntegrationPoint [Element [_quadrangle_4, 0, 0], 10(10)] IntegrationPoint [Element [_quadrangle_4, 0, 0], 26(26)] 
IntegrationPoint [Element [_quadrangle_4, 0, 0], 10(10)] IntegrationPoint [Element [_quadrangle_4, 0, 0], 14(14)] 
IntegrationPoint [Element [_quadrangle_4, 0, 0], 12(12)] IntegrationPoint [Element [_quadrangle_4, 0, 0], 12(12)] 
IntegrationPoint [Element [_quadrangle_4, 0, 0], 12(12)] IntegrationPoint [Element [_quadrangle_4, 0, 0], 13(13)] 
IntegrationPoint [Element [_quadrangle_4, 0, 0], 12(12)] IntegrationPoint [Element [_quadrangle_4, 0, 0], 28(28)] 
IntegrationPoint [Element [_quadrangle_4, 0, 0], 12(12)] IntegrationPoint [Element [_quadrangle_4, 0, 0], 14(14)] 
IntegrationPoint [Element [_quadrangle_4, 0, 0], 12(12)] IntegrationPoint [Element [_quadrangle_4, 0, 0], 15(15)] 
IntegrationPoint [Element [_quadrangle_4, 0, 0], 14(14)] IntegrationPoint [Element [_quadrangle_4, 0, 0], 14(14)] 
IntegrationPoint [Element [_quadrangle_4, 0, 0], 14(14)] IntegrationPoint [Element [_quadrangle_4, 0, 0], 15(15)] 
IntegrationPoint [Element [_quadrangle_4, 0, 0], 14(14)] IntegrationPoint [Element [_quadrangle_4, 0, 0], 30(30)] 
IntegrationPoint [Element [_quadrangle_4, 0, 0], 1(1)] IntegrationPoint [Element [_quadrangle_4, 0, 0], 1(1)] 
IntegrationPoint [Element [_quadrangle_4, 0, 0], 1(1)] IntegrationPoint [Element [_quadrangle_4, 0, 0], 16(16)] 
IntegrationPoint [Element [_quadrangle_4, 0, 0], 1(1)] IntegrationPoint [Element [_quadrangle_4, 0, 0], 17(17)] 
IntegrationPoint [Element [_quadrangle_4, 0, 0], 1(1)] IntegrationPoint [Element [_quadrangle_4, 0, 0], 2(2)] 
IntegrationPoint [Element [_quadrangle_4, 0, 0], 1(1)] IntegrationPoint [Element [_quadrangle_4, 0, 0], 3(3)] 
IntegrationPoint [Element [_quadrangle_4, 0, 0], 1(1)] IntegrationPoint [Element [_quadrangle_4, 0, 0], 5(5)] 
IntegrationPoint [Element [_quadrangle_4, 0, 0], 1(1)] IntegrationPoint [Element [_quadrangle_4, 0, 0], 18(18)] 
IntegrationPoint [Element [_quadrangle_4, 0, 0], 16(16)] IntegrationPoint [Element [_quadrangle_4, 0, 0], 16(16)] 
IntegrationPoint [Element [_quadrangle_4, 0, 0], 16(16)] IntegrationPoint [Element [_quadrangle_4, 0, 0], 17(17)] 
IntegrationPoint [Element [_quadrangle_4, 0, 0], 16(16)] IntegrationPoint [Element [_quadrangle_4, 0, 0], 32(32)] 
IntegrationPoint [Element [_quadrangle_4, 0, 0], 16(16)] IntegrationPoint [Element [_quadrangle_4, 0, 0], 18(18)] 
IntegrationPoint [Element [_quadrangle_4, 0, 0], 16(16)] IntegrationPoint [Element [_quadrangle_4, 0, 0], 19(19)] 
IntegrationPoint [Element [_quadrangle_4, 0, 0], 16(16)] IntegrationPoint [Element [_quadrangle_4, 0, 0], 20(20)] 
IntegrationPoint [Element [_quadrangle_4, 0, 0], 17(17)] IntegrationPoint [Element [_quadrangle_4, 0, 0], 17(17)] 
IntegrationPoint [Element [_quadrangle_4, 0, 0], 17(17)] IntegrationPoint [Element [_quadrangle_4, 0, 0], 32(32)] 
IntegrationPoint [Element [_quadrangle_4, 0, 0], 17(17)] IntegrationPoint [Element [_quadrangle_4, 0, 0], 33(33)] 
IntegrationPoint [Element [_quadrangle_4, 0, 0], 17(17)] IntegrationPoint [Element [_quadrangle_4, 0, 0], 18(18)] 
IntegrationPoint [Element [_quadrangle_4, 0, 0], 17(17)] IntegrationPoint [Element [_quadrangle_4, 0, 0], 19(19)] 
IntegrationPoint [Element [_quadrangle_4, 0, 0], 17(17)] IntegrationPoint [Element [_quadrangle_4, 0, 0], 21(21)] 
IntegrationPoint [Element [_quadrangle_4, 0, 0], 17(17)] IntegrationPoint [Element [_quadrangle_4, 0, 0], 34(34)] 
IntegrationPoint [Element [_quadrangle_4, 0, 0], 3(3)] IntegrationPoint [Element [_quadrangle_4, 0, 0], 16(16)] 
IntegrationPoint [Element [_quadrangle_4, 0, 0], 3(3)] IntegrationPoint [Element [_quadrangle_4, 0, 0], 4(4)] 
IntegrationPoint [Element [_quadrangle_4, 0, 0], 3(3)] IntegrationPoint [Element [_quadrangle_4, 0, 0], 3(3)] 
IntegrationPoint [Element [_quadrangle_4, 0, 0], 3(3)] IntegrationPoint [Element [_quadrangle_4, 0, 0], 5(5)] 
IntegrationPoint [Element [_quadrangle_4, 0, 0], 3(3)] IntegrationPoint [Element [_quadrangle_4, 0, 0], 7(7)] 
IntegrationPoint [Element [_quadrangle_4, 0, 0], 3(3)] IntegrationPoint [Element [_quadrangle_4, 0, 0], 18(18)] 
IntegrationPoint [Element [_quadrangle_4, 0, 0], 3(3)] IntegrationPoint [Element [_quadrangle_4, 0, 0], 19(19)] 
IntegrationPoint [Element [_quadrangle_4, 0, 0], 3(3)] IntegrationPoint [Element [_quadrangle_4, 0, 0], 20(20)] 
IntegrationPoint [Element [_quadrangle_4, 0, 0], 5(5)] IntegrationPoint [Element [_quadrangle_4, 0, 0], 6(6)] 
IntegrationPoint [Element [_quadrangle_4, 0, 0], 5(5)] IntegrationPoint [Element [_quadrangle_4, 0, 0], 5(5)] 
IntegrationPoint [Element [_quadrangle_4, 0, 0], 5(5)] IntegrationPoint [Element [_quadrangle_4, 0, 0], 7(7)] 
IntegrationPoint [Element [_quadrangle_4, 0, 0], 5(5)] IntegrationPoint [Element [_quadrangle_4, 0, 0], 18(18)] 
IntegrationPoint [Element [_quadrangle_4, 0, 0], 5(5)] IntegrationPoint [Element [_quadrangle_4, 0, 0], 20(20)] 
IntegrationPoint [Element [_quadrangle_4, 0, 0], 5(5)] IntegrationPoint [Element [_quadrangle_4, 0, 0], 21(21)] 
IntegrationPoint [Element [_quadrangle_4, 0, 0], 5(5)] IntegrationPoint [Element [_quadrangle_4, 0, 0], 22(22)] 
IntegrationPoint [Element [_quadrangle_4, 0, 0], 5(5)] IntegrationPoint [Element [_quadrangle_4, 0, 0], 9(9)] 
IntegrationPoint [Element [_quadrangle_4, 0, 0], 7(7)] IntegrationPoint [Element [_quadrangle_4, 0, 0], 7(7)] 
IntegrationPoint [Element [_quadrangle_4, 0, 0], 7(7)] IntegrationPoint [Element [_quadrangle_4, 0, 0], 20(20)] 
IntegrationPoint [Element [_quadrangle_4, 0, 0], 7(7)] IntegrationPoint [Element [_quadrangle_4, 0, 0], 22(22)] 
IntegrationPoint [Element [_quadrangle_4, 0, 0], 7(7)] IntegrationPoint [Element [_quadrangle_4, 0, 0], 23(23)] 
IntegrationPoint [Element [_quadrangle_4, 0, 0], 7(7)] IntegrationPoint [Element [_quadrangle_4, 0, 0], 8(8)] 
IntegrationPoint [Element [_quadrangle_4, 0, 0], 7(7)] IntegrationPoint [Element [_quadrangle_4, 0, 0], 9(9)] 
IntegrationPoint [Element [_quadrangle_4, 0, 0], 7(7)] IntegrationPoint [Element [_quadrangle_4, 0, 0], 11(11)] 
IntegrationPoint [Element [_quadrangle_4, 0, 0], 7(7)] IntegrationPoint [Element [_quadrangle_4, 0, 0], 24(24)] 
IntegrationPoint [Element [_quadrangle_4, 0, 0], 18(18)] IntegrationPoint [Element [_quadrangle_4, 0, 0], 18(18)] 
IntegrationPoint [Element [_quadrangle_4, 0, 0], 18(18)] IntegrationPoint [Element [_quadrangle_4, 0, 0], 19(19)] 
IntegrationPoint [Element [_quadrangle_4, 0, 0], 18(18)] IntegrationPoint [Element [_quadrangle_4, 0, 0], 20(20)] 
IntegrationPoint [Element [_quadrangle_4, 0, 0], 18(18)] IntegrationPoint [Element [_quadrangle_4, 0, 0], 21(21)] 
IntegrationPoint [Element [_quadrangle_4, 0, 0], 18(18)] IntegrationPoint [Element [_quadrangle_4, 0, 0], 22(22)] 
IntegrationPoint [Element [_quadrangle_4, 0, 0], 18(18)] IntegrationPoint [Element [_quadrangle_4, 0, 0], 34(34)] 
IntegrationPoint [Element [_quadrangle_4, 0, 0], 19(19)] IntegrationPoint [Element [_quadrangle_4, 0, 0], 32(32)] 
IntegrationPoint [Element [_quadrangle_4, 0, 0], 19(19)] IntegrationPoint [Element [_quadrangle_4, 0, 0], 19(19)] 
IntegrationPoint [Element [_quadrangle_4, 0, 0], 19(19)] IntegrationPoint [Element [_quadrangle_4, 0, 0], 20(20)] 
IntegrationPoint [Element [_quadrangle_4, 0, 0], 19(19)] IntegrationPoint [Element [_quadrangle_4, 0, 0], 21(21)] 
IntegrationPoint [Element [_quadrangle_4, 0, 0], 19(19)] IntegrationPoint [Element [_quadrangle_4, 0, 0], 23(23)] 
IntegrationPoint [Element [_quadrangle_4, 0, 0], 19(19)] IntegrationPoint [Element [_quadrangle_4, 0, 0], 34(34)] 
IntegrationPoint [Element [_quadrangle_4, 0, 0], 19(19)] IntegrationPoint [Element [_quadrangle_4, 0, 0], 35(35)] 
IntegrationPoint [Element [_quadrangle_4, 0, 0], 19(19)] IntegrationPoint [Element [_quadrangle_4, 0, 0], 36(36)] 
IntegrationPoint [Element [_quadrangle_4, 0, 0], 20(20)] IntegrationPoint [Element [_quadrangle_4, 0, 0], 20(20)] 
IntegrationPoint [Element [_quadrangle_4, 0, 0], 20(20)] IntegrationPoint [Element [_quadrangle_4, 0, 0], 21(21)] 
IntegrationPoint [Element [_quadrangle_4, 0, 0], 20(20)] IntegrationPoint [Element [_quadrangle_4, 0, 0], 22(22)] 
IntegrationPoint [Element [_quadrangle_4, 0, 0], 20(20)] IntegrationPoint [Element [_quadrangle_4, 0, 0], 23(23)] 
IntegrationPoint [Element [_quadrangle_4, 0, 0], 20(20)] IntegrationPoint [Element [_quadrangle_4, 0, 0], 36(36)] 
IntegrationPoint [Element [_quadrangle_4, 0, 0], 20(20)] IntegrationPoint [Element [_quadrangle_4, 0, 0], 24(24)] 
IntegrationPoint [Element [_quadrangle_4, 0, 0], 21(21)] IntegrationPoint [Element [_quadrangle_4, 0, 0], 21(21)] 
IntegrationPoint [Element [_quadrangle_4, 0, 0], 21(21)] IntegrationPoint [Element [_quadrangle_4, 0, 0], 22(22)] 
IntegrationPoint [Element [_quadrangle_4, 0, 0], 21(21)] IntegrationPoint [Element [_quadrangle_4, 0, 0], 23(23)] 
IntegrationPoint [Element [_quadrangle_4, 0, 0], 21(21)] IntegrationPoint [Element [_quadrangle_4, 0, 0], 34(34)] 
IntegrationPoint [Element [_quadrangle_4, 0, 0], 21(21)] IntegrationPoint [Element [_quadrangle_4, 0, 0], 36(36)] 
IntegrationPoint [Element [_quadrangle_4, 0, 0], 21(21)] IntegrationPoint [Element [_quadrangle_4, 0, 0], 37(37)] 
IntegrationPoint [Element [_quadrangle_4, 0, 0], 21(21)] IntegrationPoint [Element [_quadrangle_4, 0, 0], 38(38)] 
IntegrationPoint [Element [_quadrangle_4, 0, 0], 21(21)] IntegrationPoint [Element [_quadrangle_4, 0, 0], 25(25)] 
IntegrationPoint [Element [_quadrangle_4, 0, 0], 22(22)] IntegrationPoint [Element [_quadrangle_4, 0, 0], 22(22)] 
IntegrationPoint [Element [_quadrangle_4, 0, 0], 22(22)] IntegrationPoint [Element [_quadrangle_4, 0, 0], 23(23)] 
IntegrationPoint [Element [_quadrangle_4, 0, 0], 22(22)] IntegrationPoint [Element [_quadrangle_4, 0, 0], 38(38)] 
IntegrationPoint [Element [_quadrangle_4, 0, 0], 22(22)] IntegrationPoint [Element [_quadrangle_4, 0, 0], 24(24)] 
IntegrationPoint [Element [_quadrangle_4, 0, 0], 22(22)] IntegrationPoint [Element [_quadrangle_4, 0, 0], 25(25)] 
IntegrationPoint [Element [_quadrangle_4, 0, 0], 22(22)] IntegrationPoint [Element [_quadrangle_4, 0, 0], 26(26)] 
IntegrationPoint [Element [_quadrangle_4, 0, 0], 23(23)] IntegrationPoint [Element [_quadrangle_4, 0, 0], 23(23)] 
IntegrationPoint [Element [_quadrangle_4, 0, 0], 23(23)] IntegrationPoint [Element [_quadrangle_4, 0, 0], 36(36)] 
IntegrationPoint [Element [_quadrangle_4, 0, 0], 23(23)] IntegrationPoint [Element [_quadrangle_4, 0, 0], 38(38)] 
IntegrationPoint [Element [_quadrangle_4, 0, 0], 23(23)] IntegrationPoint [Element [_quadrangle_4, 0, 0], 39(39)] 
IntegrationPoint [Element [_quadrangle_4, 0, 0], 23(23)] IntegrationPoint [Element [_quadrangle_4, 0, 0], 24(24)] 
IntegrationPoint [Element [_quadrangle_4, 0, 0], 23(23)] IntegrationPoint [Element [_quadrangle_4, 0, 0], 25(25)] 
IntegrationPoint [Element [_quadrangle_4, 0, 0], 23(23)] IntegrationPoint [Element [_quadrangle_4, 0, 0], 27(27)] 
IntegrationPoint [Element [_quadrangle_4, 0, 0], 23(23)] IntegrationPoint [Element [_quadrangle_4, 0, 0], 40(40)] 
IntegrationPoint [Element [_quadrangle_4, 0, 0], 9(9)] IntegrationPoint [Element [_quadrangle_4, 0, 0], 22(22)] 
IntegrationPoint [Element [_quadrangle_4, 0, 0], 9(9)] IntegrationPoint [Element [_quadrangle_4, 0, 0], 10(10)] 
IntegrationPoint [Element [_quadrangle_4, 0, 0], 9(9)] IntegrationPoint [Element [_quadrangle_4, 0, 0], 9(9)] 
IntegrationPoint [Element [_quadrangle_4, 0, 0], 9(9)] IntegrationPoint [Element [_quadrangle_4, 0, 0], 11(11)] 
IntegrationPoint [Element [_quadrangle_4, 0, 0], 9(9)] IntegrationPoint [Element [_quadrangle_4, 0, 0], 13(13)] 
IntegrationPoint [Element [_quadrangle_4, 0, 0], 9(9)] IntegrationPoint [Element [_quadrangle_4, 0, 0], 24(24)] 
IntegrationPoint [Element [_quadrangle_4, 0, 0], 9(9)] IntegrationPoint [Element [_quadrangle_4, 0, 0], 25(25)] 
IntegrationPoint [Element [_quadrangle_4, 0, 0], 9(9)] IntegrationPoint [Element [_quadrangle_4, 0, 0], 26(26)] 
IntegrationPoint [Element [_quadrangle_4, 0, 0], 11(11)] IntegrationPoint [Element [_quadrangle_4, 0, 0], 12(12)] 
IntegrationPoint [Element [_quadrangle_4, 0, 0], 11(11)] IntegrationPoint [Element [_quadrangle_4, 0, 0], 11(11)] 
IntegrationPoint [Element [_quadrangle_4, 0, 0], 11(11)] IntegrationPoint [Element [_quadrangle_4, 0, 0], 13(13)] 
IntegrationPoint [Element [_quadrangle_4, 0, 0], 11(11)] IntegrationPoint [Element [_quadrangle_4, 0, 0], 24(24)] 
IntegrationPoint [Element [_quadrangle_4, 0, 0], 11(11)] IntegrationPoint [Element [_quadrangle_4, 0, 0], 26(26)] 
IntegrationPoint [Element [_quadrangle_4, 0, 0], 11(11)] IntegrationPoint [Element [_quadrangle_4, 0, 0], 27(27)] 
IntegrationPoint [Element [_quadrangle_4, 0, 0], 11(11)] IntegrationPoint [Element [_quadrangle_4, 0, 0], 28(28)] 
IntegrationPoint [Element [_quadrangle_4, 0, 0], 11(11)] IntegrationPoint [Element [_quadrangle_4, 0, 0], 15(15)] 
IntegrationPoint [Element [_quadrangle_4, 0, 0], 13(13)] IntegrationPoint [Element [_quadrangle_4, 0, 0], 13(13)] 
IntegrationPoint [Element [_quadrangle_4, 0, 0], 13(13)] IntegrationPoint [Element [_quadrangle_4, 0, 0], 26(26)] 
IntegrationPoint [Element [_quadrangle_4, 0, 0], 13(13)] IntegrationPoint [Element [_quadrangle_4, 0, 0], 28(28)] 
IntegrationPoint [Element [_quadrangle_4, 0, 0], 13(13)] IntegrationPoint [Element [_quadrangle_4, 0, 0], 29(29)] 
IntegrationPoint [Element [_quadrangle_4, 0, 0], 13(13)] IntegrationPoint [Element [_quadrangle_4, 0, 0], 14(14)] 
IntegrationPoint [Element [_quadrangle_4, 0, 0], 13(13)] IntegrationPoint [Element [_quadrangle_4, 0, 0], 15(15)] 
IntegrationPoint [Element [_quadrangle_4, 0, 0], 13(13)] IntegrationPoint [Element [_quadrangle_4, 0, 0], 30(30)] 
IntegrationPoint [Element [_quadrangle_4, 0, 0], 24(24)] IntegrationPoint [Element [_quadrangle_4, 0, 0], 24(24)] 
IntegrationPoint [Element [_quadrangle_4, 0, 0], 24(24)] IntegrationPoint [Element [_quadrangle_4, 0, 0], 25(25)] 
IntegrationPoint [Element [_quadrangle_4, 0, 0], 24(24)] IntegrationPoint [Element [_quadrangle_4, 0, 0], 26(26)] 
IntegrationPoint [Element [_quadrangle_4, 0, 0], 24(24)] IntegrationPoint [Element [_quadrangle_4, 0, 0], 27(27)] 
IntegrationPoint [Element [_quadrangle_4, 0, 0], 24(24)] IntegrationPoint [Element [_quadrangle_4, 0, 0], 28(28)] 
IntegrationPoint [Element [_quadrangle_4, 0, 0], 24(24)] IntegrationPoint [Element [_quadrangle_4, 0, 0], 40(40)] 
IntegrationPoint [Element [_quadrangle_4, 0, 0], 25(25)] IntegrationPoint [Element [_quadrangle_4, 0, 0], 38(38)] 
IntegrationPoint [Element [_quadrangle_4, 0, 0], 25(25)] IntegrationPoint [Element [_quadrangle_4, 0, 0], 25(25)] 
IntegrationPoint [Element [_quadrangle_4, 0, 0], 25(25)] IntegrationPoint [Element [_quadrangle_4, 0, 0], 26(26)] 
IntegrationPoint [Element [_quadrangle_4, 0, 0], 25(25)] IntegrationPoint [Element [_quadrangle_4, 0, 0], 27(27)] 
IntegrationPoint [Element [_quadrangle_4, 0, 0], 25(25)] IntegrationPoint [Element [_quadrangle_4, 0, 0], 29(29)] 
IntegrationPoint [Element [_quadrangle_4, 0, 0], 25(25)] IntegrationPoint [Element [_quadrangle_4, 0, 0], 40(40)] 
IntegrationPoint [Element [_quadrangle_4, 0, 0], 25(25)] IntegrationPoint [Element [_quadrangle_4, 0, 0], 41(41)] 
IntegrationPoint [Element [_quadrangle_4, 0, 0], 25(25)] IntegrationPoint [Element [_quadrangle_4, 0, 0], 42(42)] 
IntegrationPoint [Element [_quadrangle_4, 0, 0], 26(26)] IntegrationPoint [Element [_quadrangle_4, 0, 0], 26(26)] 
IntegrationPoint [Element [_quadrangle_4, 0, 0], 26(26)] IntegrationPoint [Element [_quadrangle_4, 0, 0], 27(27)] 
IntegrationPoint [Element [_quadrangle_4, 0, 0], 26(26)] IntegrationPoint [Element [_quadrangle_4, 0, 0], 28(28)] 
IntegrationPoint [Element [_quadrangle_4, 0, 0], 26(26)] IntegrationPoint [Element [_quadrangle_4, 0, 0], 29(29)] 
IntegrationPoint [Element [_quadrangle_4, 0, 0], 26(26)] IntegrationPoint [Element [_quadrangle_4, 0, 0], 42(42)] 
IntegrationPoint [Element [_quadrangle_4, 0, 0], 26(26)] IntegrationPoint [Element [_quadrangle_4, 0, 0], 30(30)] 
IntegrationPoint [Element [_quadrangle_4, 0, 0], 27(27)] IntegrationPoint [Element [_quadrangle_4, 0, 0], 27(27)] 
IntegrationPoint [Element [_quadrangle_4, 0, 0], 27(27)] IntegrationPoint [Element [_quadrangle_4, 0, 0], 28(28)] 
IntegrationPoint [Element [_quadrangle_4, 0, 0], 27(27)] IntegrationPoint [Element [_quadrangle_4, 0, 0], 29(29)] 
IntegrationPoint [Element [_quadrangle_4, 0, 0], 27(27)] IntegrationPoint [Element [_quadrangle_4, 0, 0], 40(40)] 
IntegrationPoint [Element [_quadrangle_4, 0, 0], 27(27)] IntegrationPoint [Element [_quadrangle_4, 0, 0], 42(42)] 
IntegrationPoint [Element [_quadrangle_4, 0, 0], 27(27)] IntegrationPoint [Element [_quadrangle_4, 0, 0], 43(43)] 
IntegrationPoint [Element [_quadrangle_4, 0, 0], 27(27)] IntegrationPoint [Element [_quadrangle_4, 0, 0], 44(44)] 
IntegrationPoint [Element [_quadrangle_4, 0, 0], 27(27)] IntegrationPoint [Element [_quadrangle_4, 0, 0], 31(31)] 
IntegrationPoint [Element [_quadrangle_4, 0, 0], 28(28)] IntegrationPoint [Element [_quadrangle_4, 0, 0], 28(28)] 
IntegrationPoint [Element [_quadrangle_4, 0, 0], 28(28)] IntegrationPoint [Element [_quadrangle_4, 0, 0], 29(29)] 
IntegrationPoint [Element [_quadrangle_4, 0, 0], 28(28)] IntegrationPoint [Element [_quadrangle_4, 0, 0], 44(44)] 
IntegrationPoint [Element [_quadrangle_4, 0, 0], 28(28)] IntegrationPoint [Element [_quadrangle_4, 0, 0], 30(30)] 
IntegrationPoint [Element [_quadrangle_4, 0, 0], 28(28)] IntegrationPoint [Element [_quadrangle_4, 0, 0], 31(31)] 
IntegrationPoint [Element [_quadrangle_4, 0, 0], 29(29)] IntegrationPoint [Element [_quadrangle_4, 0, 0], 29(29)] 
IntegrationPoint [Element [_quadrangle_4, 0, 0], 29(29)] IntegrationPoint [Element [_quadrangle_4, 0, 0], 42(42)] 
IntegrationPoint [Element [_quadrangle_4, 0, 0], 29(29)] IntegrationPoint [Element [_quadrangle_4, 0, 0], 44(44)] 
IntegrationPoint [Element [_quadrangle_4, 0, 0], 29(29)] IntegrationPoint [Element [_quadrangle_4, 0, 0], 45(45)] 
IntegrationPoint [Element [_quadrangle_4, 0, 0], 29(29)] IntegrationPoint [Element [_quadrangle_4, 0, 0], 30(30)] 
IntegrationPoint [Element [_quadrangle_4, 0, 0], 29(29)] IntegrationPoint [Element [_quadrangle_4, 0, 0], 31(31)] 
IntegrationPoint [Element [_quadrangle_4, 0, 0], 29(29)] IntegrationPoint [Element [_quadrangle_4, 0, 0], 46(46)] 
IntegrationPoint [Element [_quadrangle_4, 0, 0], 15(15)] IntegrationPoint [Element [_quadrangle_4, 0, 0], 28(28)] 
IntegrationPoint [Element [_quadrangle_4, 0, 0], 15(15)] IntegrationPoint [Element [_quadrangle_4, 0, 0], 15(15)] 
IntegrationPoint [Element [_quadrangle_4, 0, 0], 15(15)] IntegrationPoint [Element [_quadrangle_4, 0, 0], 30(30)] 
IntegrationPoint [Element [_quadrangle_4, 0, 0], 15(15)] IntegrationPoint [Element [_quadrangle_4, 0, 0], 31(31)] 
IntegrationPoint [Element [_quadrangle_4, 0, 0], 30(30)] IntegrationPoint [Element [_quadrangle_4, 0, 0], 30(30)] 
IntegrationPoint [Element [_quadrangle_4, 0, 0], 30(30)] IntegrationPoint [Element [_quadrangle_4, 0, 0], 31(31)] 
IntegrationPoint [Element [_quadrangle_4, 0, 0], 30(30)] IntegrationPoint [Element [_quadrangle_4, 0, 0], 46(46)] 
IntegrationPoint [Element [_quadrangle_4, 0, 0], 31(31)] IntegrationPoint [Element [_quadrangle_4, 0, 0], 44(44)] 
IntegrationPoint [Element [_quadrangle_4, 0, 0], 31(31)] IntegrationPoint [Element [_quadrangle_4, 0, 0], 31(31)] 
IntegrationPoint [Element [_quadrangle_4, 0, 0], 31(31)] IntegrationPoint [Element [_quadrangle_4, 0, 0], 46(46)] 
IntegrationPoint [Element [_quadrangle_4, 0, 0], 31(31)] IntegrationPoint [Element [_quadrangle_4, 0, 0], 47(47)] 
IntegrationPoint [Element [_quadrangle_4, 0, 0], 32(32)] IntegrationPoint [Element [_quadrangle_4, 0, 0], 32(32)] 
IntegrationPoint [Element [_quadrangle_4, 0, 0], 32(32)] IntegrationPoint [Element [_quadrangle_4, 0, 0], 33(33)] 
IntegrationPoint [Element [_quadrangle_4, 0, 0], 32(32)] IntegrationPoint [Element [_quadrangle_4, 0, 0], 48(48)] 
IntegrationPoint [Element [_quadrangle_4, 0, 0], 32(32)] IntegrationPoint [Element [_quadrangle_4, 0, 0], 34(34)] 
IntegrationPoint [Element [_quadrangle_4, 0, 0], 32(32)] IntegrationPoint [Element [_quadrangle_4, 0, 0], 35(35)] 
IntegrationPoint [Element [_quadrangle_4, 0, 0], 32(32)] IntegrationPoint [Element [_quadrangle_4, 0, 0], 36(36)] 
IntegrationPoint [Element [_quadrangle_4, 0, 0], 33(33)] IntegrationPoint [Element [_quadrangle_4, 0, 0], 33(33)] 
IntegrationPoint [Element [_quadrangle_4, 0, 0], 33(33)] IntegrationPoint [Element [_quadrangle_4, 0, 0], 48(48)] 
IntegrationPoint [Element [_quadrangle_4, 0, 0], 33(33)] IntegrationPoint [Element [_quadrangle_4, 0, 0], 49(49)] 
IntegrationPoint [Element [_quadrangle_4, 0, 0], 33(33)] IntegrationPoint [Element [_quadrangle_4, 0, 0], 34(34)] 
IntegrationPoint [Element [_quadrangle_4, 0, 0], 33(33)] IntegrationPoint [Element [_quadrangle_4, 0, 0], 35(35)] 
IntegrationPoint [Element [_quadrangle_4, 0, 0], 33(33)] IntegrationPoint [Element [_quadrangle_4, 0, 0], 37(37)] 
IntegrationPoint [Element [_quadrangle_4, 0, 0], 33(33)] IntegrationPoint [Element [_quadrangle_4, 0, 0], 50(50)] 
IntegrationPoint [Element [_quadrangle_4, 0, 0], 48(48)] IntegrationPoint [Element [_quadrangle_4, 0, 0], 48(48)] 
IntegrationPoint [Element [_quadrangle_4, 0, 0], 48(48)] IntegrationPoint [Element [_quadrangle_4, 0, 0], 49(49)] 
IntegrationPoint [Element [_quadrangle_4, 0, 0], 48(48)] IntegrationPoint [Element [_quadrangle_4, 0, 0], 50(50)] 
IntegrationPoint [Element [_quadrangle_4, 0, 0], 48(48)] IntegrationPoint [Element [_quadrangle_4, 0, 0], 52(52)] 
IntegrationPoint [Element [_quadrangle_4, 0, 0], 48(48)] IntegrationPoint [Element [_quadrangle_4, 0, 0], 51(51)] 
IntegrationPoint [Element [_quadrangle_4, 0, 0], 34(34)] IntegrationPoint [Element [_quadrangle_4, 0, 0], 34(34)] 
IntegrationPoint [Element [_quadrangle_4, 0, 0], 34(34)] IntegrationPoint [Element [_quadrangle_4, 0, 0], 35(35)] 
IntegrationPoint [Element [_quadrangle_4, 0, 0], 34(34)] IntegrationPoint [Element [_quadrangle_4, 0, 0], 36(36)] 
IntegrationPoint [Element [_quadrangle_4, 0, 0], 34(34)] IntegrationPoint [Element [_quadrangle_4, 0, 0], 37(37)] 
IntegrationPoint [Element [_quadrangle_4, 0, 0], 34(34)] IntegrationPoint [Element [_quadrangle_4, 0, 0], 38(38)] 
IntegrationPoint [Element [_quadrangle_4, 0, 0], 34(34)] IntegrationPoint [Element [_quadrangle_4, 0, 0], 50(50)] 
IntegrationPoint [Element [_quadrangle_4, 0, 0], 35(35)] IntegrationPoint [Element [_quadrangle_4, 0, 0], 48(48)] 
IntegrationPoint [Element [_quadrangle_4, 0, 0], 35(35)] IntegrationPoint [Element [_quadrangle_4, 0, 0], 35(35)] 
IntegrationPoint [Element [_quadrangle_4, 0, 0], 35(35)] IntegrationPoint [Element [_quadrangle_4, 0, 0], 36(36)] 
IntegrationPoint [Element [_quadrangle_4, 0, 0], 35(35)] IntegrationPoint [Element [_quadrangle_4, 0, 0], 37(37)] 
IntegrationPoint [Element [_quadrangle_4, 0, 0], 35(35)] IntegrationPoint [Element [_quadrangle_4, 0, 0], 39(39)] 
IntegrationPoint [Element [_quadrangle_4, 0, 0], 35(35)] IntegrationPoint [Element [_quadrangle_4, 0, 0], 50(50)] 
IntegrationPoint [Element [_quadrangle_4, 0, 0], 35(35)] IntegrationPoint [Element [_quadrangle_4, 0, 0], 52(52)] 
IntegrationPoint [Element [_quadrangle_4, 0, 0], 35(35)] IntegrationPoint [Element [_quadrangle_4, 0, 0], 51(51)] 
IntegrationPoint [Element [_quadrangle_4, 0, 0], 36(36)] IntegrationPoint [Element [_quadrangle_4, 0, 0], 36(36)] 
IntegrationPoint [Element [_quadrangle_4, 0, 0], 36(36)] IntegrationPoint [Element [_quadrangle_4, 0, 0], 37(37)] 
IntegrationPoint [Element [_quadrangle_4, 0, 0], 36(36)] IntegrationPoint [Element [_quadrangle_4, 0, 0], 38(38)] 
IntegrationPoint [Element [_quadrangle_4, 0, 0], 36(36)] IntegrationPoint [Element [_quadrangle_4, 0, 0], 39(39)] 
IntegrationPoint [Element [_quadrangle_4, 0, 0], 36(36)] IntegrationPoint [Element [_quadrangle_4, 0, 0], 52(52)] 
IntegrationPoint [Element [_quadrangle_4, 0, 0], 36(36)] IntegrationPoint [Element [_quadrangle_4, 0, 0], 40(40)] 
IntegrationPoint [Element [_quadrangle_4, 0, 0], 37(37)] IntegrationPoint [Element [_quadrangle_4, 0, 0], 37(37)] 
IntegrationPoint [Element [_quadrangle_4, 0, 0], 37(37)] IntegrationPoint [Element [_quadrangle_4, 0, 0], 38(38)] 
IntegrationPoint [Element [_quadrangle_4, 0, 0], 37(37)] IntegrationPoint [Element [_quadrangle_4, 0, 0], 39(39)] 
IntegrationPoint [Element [_quadrangle_4, 0, 0], 37(37)] IntegrationPoint [Element [_quadrangle_4, 0, 0], 50(50)] 
IntegrationPoint [Element [_quadrangle_4, 0, 0], 37(37)] IntegrationPoint [Element [_quadrangle_4, 0, 0], 52(52)] 
IntegrationPoint [Element [_quadrangle_4, 0, 0], 37(37)] IntegrationPoint [Element [_quadrangle_4, 0, 0], 54(54)] 
IntegrationPoint [Element [_quadrangle_4, 0, 0], 37(37)] IntegrationPoint [Element [_quadrangle_4, 0, 0], 53(53)] 
IntegrationPoint [Element [_quadrangle_4, 0, 0], 37(37)] IntegrationPoint [Element [_quadrangle_4, 0, 0], 41(41)] 
IntegrationPoint [Element [_quadrangle_4, 0, 0], 38(38)] IntegrationPoint [Element [_quadrangle_4, 0, 0], 38(38)] 
IntegrationPoint [Element [_quadrangle_4, 0, 0], 38(38)] IntegrationPoint [Element [_quadrangle_4, 0, 0], 39(39)] 
IntegrationPoint [Element [_quadrangle_4, 0, 0], 38(38)] IntegrationPoint [Element [_quadrangle_4, 0, 0], 54(54)] 
IntegrationPoint [Element [_quadrangle_4, 0, 0], 38(38)] IntegrationPoint [Element [_quadrangle_4, 0, 0], 40(40)] 
IntegrationPoint [Element [_quadrangle_4, 0, 0], 38(38)] IntegrationPoint [Element [_quadrangle_4, 0, 0], 41(41)] 
IntegrationPoint [Element [_quadrangle_4, 0, 0], 38(38)] IntegrationPoint [Element [_quadrangle_4, 0, 0], 42(42)] 
IntegrationPoint [Element [_quadrangle_4, 0, 0], 39(39)] IntegrationPoint [Element [_quadrangle_4, 0, 0], 39(39)] 
IntegrationPoint [Element [_quadrangle_4, 0, 0], 39(39)] IntegrationPoint [Element [_quadrangle_4, 0, 0], 52(52)] 
IntegrationPoint [Element [_quadrangle_4, 0, 0], 39(39)] IntegrationPoint [Element [_quadrangle_4, 0, 0], 54(54)] 
IntegrationPoint [Element [_quadrangle_4, 0, 0], 39(39)] IntegrationPoint [Element [_quadrangle_4, 0, 0], 55(55)] 
IntegrationPoint [Element [_quadrangle_4, 0, 0], 39(39)] IntegrationPoint [Element [_quadrangle_4, 0, 0], 40(40)] 
IntegrationPoint [Element [_quadrangle_4, 0, 0], 39(39)] IntegrationPoint [Element [_quadrangle_4, 0, 0], 41(41)] 
IntegrationPoint [Element [_quadrangle_4, 0, 0], 39(39)] IntegrationPoint [Element [_quadrangle_4, 0, 0], 43(43)] 
IntegrationPoint [Element [_quadrangle_4, 0, 0], 39(39)] IntegrationPoint [Element [_quadrangle_4, 0, 0], 56(56)] 
IntegrationPoint [Element [_quadrangle_4, 0, 0], 50(50)] IntegrationPoint [Element [_quadrangle_4, 0, 0], 50(50)] 
IntegrationPoint [Element [_quadrangle_4, 0, 0], 50(50)] IntegrationPoint [Element [_quadrangle_4, 0, 0], 52(52)] 
IntegrationPoint [Element [_quadrangle_4, 0, 0], 50(50)] IntegrationPoint [Element [_quadrangle_4, 0, 0], 54(54)] 
IntegrationPoint [Element [_quadrangle_4, 0, 0], 50(50)] IntegrationPoint [Element [_quadrangle_4, 0, 0], 51(51)] 
IntegrationPoint [Element [_quadrangle_4, 0, 0], 50(50)] IntegrationPoint [Element [_quadrangle_4, 0, 0], 53(53)] 
IntegrationPoint [Element [_quadrangle_4, 0, 0], 52(52)] IntegrationPoint [Element [_quadrangle_4, 0, 0], 52(52)] 
IntegrationPoint [Element [_quadrangle_4, 0, 0], 52(52)] IntegrationPoint [Element [_quadrangle_4, 0, 0], 54(54)] 
IntegrationPoint [Element [_quadrangle_4, 0, 0], 52(52)] IntegrationPoint [Element [_quadrangle_4, 0, 0], 53(53)] 
IntegrationPoint [Element [_quadrangle_4, 0, 0], 52(52)] IntegrationPoint [Element [_quadrangle_4, 0, 0], 55(55)] 
IntegrationPoint [Element [_quadrangle_4, 0, 0], 52(52)] IntegrationPoint [Element [_quadrangle_4, 0, 0], 56(56)] 
IntegrationPoint [Element [_quadrangle_4, 0, 0], 54(54)] IntegrationPoint [Element [_quadrangle_4, 0, 0], 54(54)] 
IntegrationPoint [Element [_quadrangle_4, 0, 0], 54(54)] IntegrationPoint [Element [_quadrangle_4, 0, 0], 55(55)] 
IntegrationPoint [Element [_quadrangle_4, 0, 0], 54(54)] IntegrationPoint [Element [_quadrangle_4, 0, 0], 56(56)] 
IntegrationPoint [Element [_quadrangle_4, 0, 0], 54(54)] IntegrationPoint [Element [_quadrangle_4, 0, 0], 58(58)] 
IntegrationPoint [Element [_quadrangle_4, 0, 0], 54(54)] IntegrationPoint [Element [_quadrangle_4, 0, 0], 57(57)] 
IntegrationPoint [Element [_quadrangle_4, 0, 0], 40(40)] IntegrationPoint [Element [_quadrangle_4, 0, 0], 40(40)] 
IntegrationPoint [Element [_quadrangle_4, 0, 0], 40(40)] IntegrationPoint [Element [_quadrangle_4, 0, 0], 41(41)] 
IntegrationPoint [Element [_quadrangle_4, 0, 0], 40(40)] IntegrationPoint [Element [_quadrangle_4, 0, 0], 42(42)] 
IntegrationPoint [Element [_quadrangle_4, 0, 0], 40(40)] IntegrationPoint [Element [_quadrangle_4, 0, 0], 43(43)] 
IntegrationPoint [Element [_quadrangle_4, 0, 0], 40(40)] IntegrationPoint [Element [_quadrangle_4, 0, 0], 44(44)] 
IntegrationPoint [Element [_quadrangle_4, 0, 0], 40(40)] IntegrationPoint [Element [_quadrangle_4, 0, 0], 56(56)] 
IntegrationPoint [Element [_quadrangle_4, 0, 0], 41(41)] IntegrationPoint [Element [_quadrangle_4, 0, 0], 54(54)] 
IntegrationPoint [Element [_quadrangle_4, 0, 0], 41(41)] IntegrationPoint [Element [_quadrangle_4, 0, 0], 41(41)] 
IntegrationPoint [Element [_quadrangle_4, 0, 0], 41(41)] IntegrationPoint [Element [_quadrangle_4, 0, 0], 42(42)] 
IntegrationPoint [Element [_quadrangle_4, 0, 0], 41(41)] IntegrationPoint [Element [_quadrangle_4, 0, 0], 43(43)] 
IntegrationPoint [Element [_quadrangle_4, 0, 0], 41(41)] IntegrationPoint [Element [_quadrangle_4, 0, 0], 45(45)] 
IntegrationPoint [Element [_quadrangle_4, 0, 0], 41(41)] IntegrationPoint [Element [_quadrangle_4, 0, 0], 56(56)] 
IntegrationPoint [Element [_quadrangle_4, 0, 0], 41(41)] IntegrationPoint [Element [_quadrangle_4, 0, 0], 58(58)] 
IntegrationPoint [Element [_quadrangle_4, 0, 0], 41(41)] IntegrationPoint [Element [_quadrangle_4, 0, 0], 57(57)] 
IntegrationPoint [Element [_quadrangle_4, 0, 0], 42(42)] IntegrationPoint [Element [_quadrangle_4, 0, 0], 42(42)] 
IntegrationPoint [Element [_quadrangle_4, 0, 0], 42(42)] IntegrationPoint [Element [_quadrangle_4, 0, 0], 43(43)] 
IntegrationPoint [Element [_quadrangle_4, 0, 0], 42(42)] IntegrationPoint [Element [_quadrangle_4, 0, 0], 44(44)] 
IntegrationPoint [Element [_quadrangle_4, 0, 0], 42(42)] IntegrationPoint [Element [_quadrangle_4, 0, 0], 45(45)] 
IntegrationPoint [Element [_quadrangle_4, 0, 0], 42(42)] IntegrationPoint [Element [_quadrangle_4, 0, 0], 58(58)] 
IntegrationPoint [Element [_quadrangle_4, 0, 0], 42(42)] IntegrationPoint [Element [_quadrangle_4, 0, 0], 46(46)] 
IntegrationPoint [Element [_quadrangle_4, 0, 0], 43(43)] IntegrationPoint [Element [_quadrangle_4, 0, 0], 43(43)] 
IntegrationPoint [Element [_quadrangle_4, 0, 0], 43(43)] IntegrationPoint [Element [_quadrangle_4, 0, 0], 44(44)] 
IntegrationPoint [Element [_quadrangle_4, 0, 0], 43(43)] IntegrationPoint [Element [_quadrangle_4, 0, 0], 45(45)] 
IntegrationPoint [Element [_quadrangle_4, 0, 0], 43(43)] IntegrationPoint [Element [_quadrangle_4, 0, 0], 56(56)] 
IntegrationPoint [Element [_quadrangle_4, 0, 0], 43(43)] IntegrationPoint [Element [_quadrangle_4, 0, 0], 58(58)] 
IntegrationPoint [Element [_quadrangle_4, 0, 0], 43(43)] IntegrationPoint [Element [_quadrangle_4, 0, 0], 60(60)] 
IntegrationPoint [Element [_quadrangle_4, 0, 0], 43(43)] IntegrationPoint [Element [_quadrangle_4, 0, 0], 59(59)] 
IntegrationPoint [Element [_quadrangle_4, 0, 0], 43(43)] IntegrationPoint [Element [_quadrangle_4, 0, 0], 47(47)] 
IntegrationPoint [Element [_quadrangle_4, 0, 0], 44(44)] IntegrationPoint [Element [_quadrangle_4, 0, 0], 44(44)] 
IntegrationPoint [Element [_quadrangle_4, 0, 0], 44(44)] IntegrationPoint [Element [_quadrangle_4, 0, 0], 45(45)] 
IntegrationPoint [Element [_quadrangle_4, 0, 0], 44(44)] IntegrationPoint [Element [_quadrangle_4, 0, 0], 60(60)] 
IntegrationPoint [Element [_quadrangle_4, 0, 0], 44(44)] IntegrationPoint [Element [_quadrangle_4, 0, 0], 46(46)] 
IntegrationPoint [Element [_quadrangle_4, 0, 0], 44(44)] IntegrationPoint [Element [_quadrangle_4, 0, 0], 47(47)] 
IntegrationPoint [Element [_quadrangle_4, 0, 0], 45(45)] IntegrationPoint [Element [_quadrangle_4, 0, 0], 45(45)] 
IntegrationPoint [Element [_quadrangle_4, 0, 0], 45(45)] IntegrationPoint [Element [_quadrangle_4, 0, 0], 58(58)] 
IntegrationPoint [Element [_quadrangle_4, 0, 0], 45(45)] IntegrationPoint [Element [_quadrangle_4, 0, 0], 60(60)] 
IntegrationPoint [Element [_quadrangle_4, 0, 0], 45(45)] IntegrationPoint [Element [_quadrangle_4, 0, 0], 61(61)] 
IntegrationPoint [Element [_quadrangle_4, 0, 0], 45(45)] IntegrationPoint [Element [_quadrangle_4, 0, 0], 46(46)] 
IntegrationPoint [Element [_quadrangle_4, 0, 0], 45(45)] IntegrationPoint [Element [_quadrangle_4, 0, 0], 47(47)] 
IntegrationPoint [Element [_quadrangle_4, 0, 0], 45(45)] IntegrationPoint [Element [_quadrangle_4, 0, 0], 62(62)] 
IntegrationPoint [Element [_quadrangle_4, 0, 0], 56(56)] IntegrationPoint [Element [_quadrangle_4, 0, 0], 56(56)] 
IntegrationPoint [Element [_quadrangle_4, 0, 0], 56(56)] IntegrationPoint [Element [_quadrangle_4, 0, 0], 58(58)] 
IntegrationPoint [Element [_quadrangle_4, 0, 0], 56(56)] IntegrationPoint [Element [_quadrangle_4, 0, 0], 60(60)] 
IntegrationPoint [Element [_quadrangle_4, 0, 0], 56(56)] IntegrationPoint [Element [_quadrangle_4, 0, 0], 57(57)] 
IntegrationPoint [Element [_quadrangle_4, 0, 0], 56(56)] IntegrationPoint [Element [_quadrangle_4, 0, 0], 59(59)] 
IntegrationPoint [Element [_quadrangle_4, 0, 0], 58(58)] IntegrationPoint [Element [_quadrangle_4, 0, 0], 58(58)] 
IntegrationPoint [Element [_quadrangle_4, 0, 0], 58(58)] IntegrationPoint [Element [_quadrangle_4, 0, 0], 60(60)] 
IntegrationPoint [Element [_quadrangle_4, 0, 0], 58(58)] IntegrationPoint [Element [_quadrangle_4, 0, 0], 59(59)] 
IntegrationPoint [Element [_quadrangle_4, 0, 0], 58(58)] IntegrationPoint [Element [_quadrangle_4, 0, 0], 61(61)] 
IntegrationPoint [Element [_quadrangle_4, 0, 0], 58(58)] IntegrationPoint [Element [_quadrangle_4, 0, 0], 62(62)] 
IntegrationPoint [Element [_quadrangle_4, 0, 0], 60(60)] IntegrationPoint [Element [_quadrangle_4, 0, 0], 60(60)] 
IntegrationPoint [Element [_quadrangle_4, 0, 0], 60(60)] IntegrationPoint [Element [_quadrangle_4, 0, 0], 61(61)] 
IntegrationPoint [Element [_quadrangle_4, 0, 0], 60(60)] IntegrationPoint [Element [_quadrangle_4, 0, 0], 62(62)] 
IntegrationPoint [Element [_quadrangle_4, 0, 0], 60(60)] IntegrationPoint [Element [_quadrangle_4, 0, 0], 63(63)] 
IntegrationPoint [Element [_quadrangle_4, 0, 0], 46(46)] IntegrationPoint [Element [_quadrangle_4, 0, 0], 46(46)] 
IntegrationPoint [Element [_quadrangle_4, 0, 0], 46(46)] IntegrationPoint [Element [_quadrangle_4, 0, 0], 47(47)] 
IntegrationPoint [Element [_quadrangle_4, 0, 0], 46(46)] IntegrationPoint [Element [_quadrangle_4, 0, 0], 62(62)] 
IntegrationPoint [Element [_quadrangle_4, 0, 0], 47(47)] IntegrationPoint [Element [_quadrangle_4, 0, 0], 60(60)] 
IntegrationPoint [Element [_quadrangle_4, 0, 0], 47(47)] IntegrationPoint [Element [_quadrangle_4, 0, 0], 47(47)] 
IntegrationPoint [Element [_quadrangle_4, 0, 0], 47(47)] IntegrationPoint [Element [_quadrangle_4, 0, 0], 62(62)] 
IntegrationPoint [Element [_quadrangle_4, 0, 0], 47(47)] IntegrationPoint [Element [_quadrangle_4, 0, 0], 63(63)] 
IntegrationPoint [Element [_quadrangle_4, 0, 0], 62(62)] IntegrationPoint [Element [_quadrangle_4, 0, 0], 62(62)] 
IntegrationPoint [Element [_quadrangle_4, 0, 0], 62(62)] IntegrationPoint [Element [_quadrangle_4, 0, 0], 63(63)] 
IntegrationPoint [Element [_quadrangle_4, 0, 0], 49(49)] IntegrationPoint [Element [_quadrangle_4, 0, 0], 49(49)] 
IntegrationPoint [Element [_quadrangle_4, 0, 0], 49(49)] IntegrationPoint [Element [_quadrangle_4, 0, 0], 50(50)] 
IntegrationPoint [Element [_quadrangle_4, 0, 0], 49(49)] IntegrationPoint [Element [_quadrangle_4, 0, 0], 51(51)] 
IntegrationPoint [Element [_quadrangle_4, 0, 0], 49(49)] IntegrationPoint [Element [_quadrangle_4, 0, 0], 53(53)] 
IntegrationPoint [Element [_quadrangle_4, 0, 0], 51(51)] IntegrationPoint [Element [_quadrangle_4, 0, 0], 52(52)] 
IntegrationPoint [Element [_quadrangle_4, 0, 0], 51(51)] IntegrationPoint [Element [_quadrangle_4, 0, 0], 51(51)] 
IntegrationPoint [Element [_quadrangle_4, 0, 0], 51(51)] IntegrationPoint [Element [_quadrangle_4, 0, 0], 53(53)] 
IntegrationPoint [Element [_quadrangle_4, 0, 0], 51(51)] IntegrationPoint [Element [_quadrangle_4, 0, 0], 55(55)] 
IntegrationPoint [Element [_quadrangle_4, 0, 0], 53(53)] IntegrationPoint [Element [_quadrangle_4, 0, 0], 54(54)] 
IntegrationPoint [Element [_quadrangle_4, 0, 0], 53(53)] IntegrationPoint [Element [_quadrangle_4, 0, 0], 53(53)] 
IntegrationPoint [Element [_quadrangle_4, 0, 0], 53(53)] IntegrationPoint [Element [_quadrangle_4, 0, 0], 55(55)] 
IntegrationPoint [Element [_quadrangle_4, 0, 0], 53(53)] IntegrationPoint [Element [_quadrangle_4, 0, 0], 57(57)] 
IntegrationPoint [Element [_quadrangle_4, 0, 0], 55(55)] IntegrationPoint [Element [_quadrangle_4, 0, 0], 55(55)] 
IntegrationPoint [Element [_quadrangle_4, 0, 0], 55(55)] IntegrationPoint [Element [_quadrangle_4, 0, 0], 56(56)] 
IntegrationPoint [Element [_quadrangle_4, 0, 0], 55(55)] IntegrationPoint [Element [_quadrangle_4, 0, 0], 57(57)] 
IntegrationPoint [Element [_quadrangle_4, 0, 0], 55(55)] IntegrationPoint [Element [_quadrangle_4, 0, 0], 59(59)] 
IntegrationPoint [Element [_quadrangle_4, 0, 0], 57(57)] IntegrationPoint [Element [_quadrangle_4, 0, 0], 58(58)] 
IntegrationPoint [Element [_quadrangle_4, 0, 0], 57(57)] IntegrationPoint [Element [_quadrangle_4, 0, 0], 57(57)] 
IntegrationPoint [Element [_quadrangle_4, 0, 0], 57(57)] IntegrationPoint [Element [_quadrangle_4, 0, 0], 59(59)] 
IntegrationPoint [Element [_quadrangle_4, 0, 0], 57(57)] IntegrationPoint [Element [_quadrangle_4, 0, 0], 61(61)] 
IntegrationPoint [Element [_quadrangle_4, 0, 0], 59(59)] IntegrationPoint [Element [_quadrangle_4, 0, 0], 60(60)] 
IntegrationPoint [Element [_quadrangle_4, 0, 0], 59(59)] IntegrationPoint [Element [_quadrangle_4, 0, 0], 59(59)] 
IntegrationPoint [Element [_quadrangle_4, 0, 0], 59(59)] IntegrationPoint [Element [_quadrangle_4, 0, 0], 61(61)] 
IntegrationPoint [Element [_quadrangle_4, 0, 0], 59(59)] IntegrationPoint [Element [_quadrangle_4, 0, 0], 63(63)] 
IntegrationPoint [Element [_quadrangle_4, 0, 0], 61(61)] IntegrationPoint [Element [_quadrangle_4, 0, 0], 61(61)] 
IntegrationPoint [Element [_quadrangle_4, 0, 0], 61(61)] IntegrationPoint [Element [_quadrangle_4, 0, 0], 62(62)] 
IntegrationPoint [Element [_quadrangle_4, 0, 0], 61(61)] IntegrationPoint [Element [_quadrangle_4, 0, 0], 63(63)] 
IntegrationPoint [Element [_quadrangle_4, 0, 0], 63(63)] IntegrationPoint [Element [_quadrangle_4, 0, 0], 63(63)] 
#neighbors for quad 0
[-0.894338, -0.894338]
[-0.605662, -0.894338]
[-0.394338, -0.894338]
[-0.894338, -0.605662]
[-0.894338, -0.394338]
[-0.605662, -0.605662]
#neighbors for quad 2
[-0.894338, -0.605662]
[-0.894338, -0.894338]
[-0.894338, -0.394338]
[-0.894338, -0.105662]
[-0.605662, -0.605662]
[-0.605662, -0.394338]
[-0.394338, -0.605662]
[-0.605662, -0.894338]
#neighbors for quad 4
[-0.894338, -0.394338]
[-0.894338, -0.894338]
[-0.894338, -0.605662]
[-0.894338, -0.105662]
[-0.605662, -0.394338]
[-0.605662, -0.105662]
[-0.394338, -0.394338]
[-0.894338, 0.105662]
[-0.605662, -0.605662]
#neighbors for quad 6
[-0.894338, -0.105662]
[-0.894338, -0.605662]
[-0.894338, -0.394338]
[-0.605662, -0.105662]
[-0.394338, -0.105662]
[-0.894338, 0.105662]
[-0.894338, 0.394338]
[-0.605662, 0.105662]
[-0.605662, -0.394338]
#neighbors for quad 8
[-0.894338, 0.105662]
[-0.894338, -0.394338]
[-0.894338, -0.105662]
[-0.894338, 0.394338]
[-0.894338, 0.605662]
[-0.605662, 0.105662]
[-0.605662, 0.394338]
[-0.394338, 0.105662]
[-0.605662, -0.105662]
#neighbors for quad 10
[-0.894338, 0.394338]
[-0.894338, -0.105662]
[-0.894338, 0.105662]
[-0.894338, 0.605662]
[-0.605662, 0.394338]
[-0.605662, 0.605662]
[-0.394338, 0.394338]
[-0.894338, 0.894338]
[-0.605662, 0.105662]
#neighbors for quad 12
[-0.894338, 0.605662]
[-0.894338, 0.105662]
[-0.894338, 0.394338]
[-0.605662, 0.605662]
[-0.394338, 0.605662]
[-0.894338, 0.894338]
[-0.605662, 0.894338]
[-0.605662, 0.394338]
#neighbors for quad 14
[-0.894338, 0.894338]
[-0.894338, 0.394338]
[-0.894338, 0.605662]
[-0.605662, 0.894338]
[-0.394338, 0.894338]
[-0.605662, 0.605662]
#neighbors for quad 1
[-0.605662, -0.894338]
[-0.894338, -0.894338]
[-0.394338, -0.894338]
[-0.105662, -0.894338]
[-0.894338, -0.605662]
[-0.605662, -0.605662]
[-0.605662, -0.394338]
[-0.394338, -0.605662]
#neighbors for quad 16
[-0.394338, -0.894338]
[-0.894338, -0.894338]
[-0.605662, -0.894338]
[-0.105662, -0.894338]
[0.105662, -0.894338]
[-0.394338, -0.605662]
[-0.105662, -0.605662]
[-0.394338, -0.394338]
[-0.605662, -0.605662]
#neighbors for quad 17
[-0.105662, -0.894338]
[-0.605662, -0.894338]
[-0.394338, -0.894338]
[0.105662, -0.894338]
[0.394338, -0.894338]
[-0.394338, -0.605662]
[-0.105662, -0.605662]
[-0.105662, -0.394338]
[0.105662, -0.605662]
#neighbors for quad 3
[-0.605662, -0.605662]
[-0.894338, -0.894338]
[-0.894338, -0.605662]
[-0.605662, -0.894338]
[-0.394338, -0.894338]
[-0.894338, -0.394338]
[-0.605662, -0.394338]
[-0.605662, -0.105662]
[-0.394338, -0.605662]
[-0.105662, -0.605662]
[-0.394338, -0.394338]
#neighbors for quad 5
[-0.605662, -0.394338]
[-0.894338, -0.605662]
[-0.894338, -0.394338]
[-0.605662, -0.894338]
[-0.605662, -0.605662]
[-0.894338, -0.105662]
[-0.605662, -0.105662]
[-0.394338, -0.605662]
[-0.394338, -0.394338]
[-0.105662, -0.394338]
[-0.394338, -0.105662]
[-0.605662, 0.105662]
#neighbors for quad 7
[-0.605662, -0.105662]
[-0.894338, -0.394338]
[-0.894338, -0.105662]
[-0.605662, -0.605662]
[-0.605662, -0.394338]
[-0.394338, -0.394338]
[-0.394338, -0.105662]
[-0.105662, -0.105662]
[-0.894338, 0.105662]
[-0.605662, 0.105662]
[-0.605662, 0.394338]
[-0.394338, 0.105662]
#neighbors for quad 18
[-0.394338, -0.605662]
[-0.894338, -0.605662]
[-0.605662, -0.894338]
[-0.394338, -0.894338]
[-0.105662, -0.894338]
[-0.605662, -0.605662]
[-0.605662, -0.394338]
[-0.105662, -0.605662]
[-0.394338, -0.394338]
[-0.105662, -0.394338]
[-0.394338, -0.105662]
[0.105662, -0.605662]
#neighbors for quad 19
[-0.105662, -0.605662]
[-0.394338, -0.894338]
[-0.105662, -0.894338]
[-0.605662, -0.605662]
[-0.394338, -0.605662]
[0.105662, -0.894338]
[-0.394338, -0.394338]
[-0.105662, -0.394338]
[-0.105662, -0.105662]
[0.105662, -0.605662]
[0.394338, -0.605662]
[0.105662, -0.394338]
#neighbors for quad 20
[-0.394338, -0.394338]
[-0.894338, -0.394338]
[-0.394338, -0.894338]
[-0.605662, -0.605662]
[-0.605662, -0.394338]
[-0.605662, -0.105662]
[-0.394338, -0.605662]
[-0.105662, -0.605662]
[-0.105662, -0.394338]
[-0.394338, -0.105662]
[-0.105662, -0.105662]
[0.105662, -0.394338]
[-0.394338, 0.105662]
#neighbors for quad 21
[-0.105662, -0.394338]
[-0.105662, -0.894338]
[-0.605662, -0.394338]
[-0.394338, -0.605662]
[-0.105662, -0.605662]
[-0.394338, -0.394338]
[-0.394338, -0.105662]
[-0.105662, -0.105662]
[0.105662, -0.605662]
[0.105662, -0.394338]
[0.394338, -0.394338]
[0.105662, -0.105662]
[-0.105662, 0.105662]
#neighbors for quad 22
[-0.394338, -0.105662]
[-0.894338, -0.105662]
[-0.605662, -0.394338]
[-0.605662, -0.105662]
[-0.394338, -0.605662]
[-0.394338, -0.394338]
[-0.105662, -0.394338]
[-0.105662, -0.105662]
[0.105662, -0.105662]
[-0.394338, 0.105662]
[-0.105662, 0.105662]
[-0.394338, 0.394338]
[-0.605662, 0.105662]
#neighbors for quad 23
[-0.105662, -0.105662]
[-0.605662, -0.105662]
[-0.105662, -0.605662]
[-0.394338, -0.394338]
[-0.105662, -0.394338]
[-0.394338, -0.105662]
[0.105662, -0.394338]
[0.105662, -0.105662]
[0.394338, -0.105662]
[-0.394338, 0.105662]
[-0.105662, 0.105662]
[-0.105662, 0.394338]
[0.105662, 0.105662]
#neighbors for quad 9
[-0.605662, 0.105662]
[-0.894338, -0.105662]
[-0.894338, 0.105662]
[-0.605662, -0.394338]
[-0.605662, -0.105662]
[-0.394338, -0.105662]
[-0.894338, 0.394338]
[-0.605662, 0.394338]
[-0.605662, 0.605662]
[-0.394338, 0.105662]
[-0.105662, 0.105662]
[-0.394338, 0.394338]
#neighbors for quad 11
[-0.605662, 0.394338]
[-0.894338, 0.105662]
[-0.894338, 0.394338]
[-0.605662, -0.105662]
[-0.605662, 0.105662]
[-0.894338, 0.605662]
[-0.605662, 0.605662]
[-0.394338, 0.105662]
[-0.394338, 0.394338]
[-0.105662, 0.394338]
[-0.394338, 0.605662]
[-0.605662, 0.894338]
#neighbors for quad 13
[-0.605662, 0.605662]
[-0.894338, 0.394338]
[-0.894338, 0.605662]
[-0.605662, 0.105662]
[-0.605662, 0.394338]
[-0.394338, 0.394338]
[-0.394338, 0.605662]
[-0.105662, 0.605662]
[-0.894338, 0.894338]
[-0.605662, 0.894338]
[-0.394338, 0.894338]
#neighbors for quad 24
[-0.394338, 0.105662]
[-0.894338, 0.105662]
[-0.605662, -0.105662]
[-0.394338, -0.394338]
[-0.394338, -0.105662]
[-0.105662, -0.105662]
[-0.605662, 0.105662]
[-0.605662, 0.394338]
[-0.105662, 0.105662]
[-0.394338, 0.394338]
[-0.105662, 0.394338]
[-0.394338, 0.605662]
[0.105662, 0.105662]
#neighbors for quad 25
[-0.105662, 0.105662]
[-0.105662, -0.394338]
[-0.394338, -0.105662]
[-0.105662, -0.105662]
[-0.605662, 0.105662]
[-0.394338, 0.105662]
[0.105662, -0.105662]
[-0.394338, 0.394338]
[-0.105662, 0.394338]
[-0.105662, 0.605662]
[0.105662, 0.105662]
[0.394338, 0.105662]
[0.105662, 0.394338]
#neighbors for quad 26
[-0.394338, 0.394338]
[-0.894338, 0.394338]
[-0.394338, -0.105662]
[-0.605662, 0.105662]
[-0.605662, 0.394338]
[-0.605662, 0.605662]
[-0.394338, 0.105662]
[-0.105662, 0.105662]
[-0.105662, 0.394338]
[-0.394338, 0.605662]
[-0.105662, 0.605662]
[0.105662, 0.394338]
[-0.394338, 0.894338]
#neighbors for quad 27
[-0.105662, 0.394338]
[-0.105662, -0.105662]
[-0.605662, 0.394338]
[-0.394338, 0.105662]
[-0.105662, 0.105662]
[-0.394338, 0.394338]
[-0.394338, 0.605662]
[-0.105662, 0.605662]
[0.105662, 0.105662]
[0.105662, 0.394338]
[0.394338, 0.394338]
[0.105662, 0.605662]
[-0.105662, 0.894338]
#neighbors for quad 28
[-0.394338, 0.605662]
[-0.894338, 0.605662]
[-0.605662, 0.394338]
[-0.605662, 0.605662]
[-0.394338, 0.105662]
[-0.394338, 0.394338]
[-0.105662, 0.394338]
[-0.105662, 0.605662]
[0.105662, 0.605662]
[-0.394338, 0.894338]
[-0.105662, 0.894338]
[-0.605662, 0.894338]
#neighbors for quad 29
[-0.105662, 0.605662]
[-0.605662, 0.605662]
[-0.105662, 0.105662]
[-0.394338, 0.394338]
[-0.105662, 0.394338]
[-0.394338, 0.605662]
[0.105662, 0.394338]
[0.105662, 0.605662]
[0.394338, 0.605662]
[-0.394338, 0.894338]
[-0.105662, 0.894338]
[0.105662, 0.894338]
#neighbors for quad 15
[-0.605662, 0.894338]
[-0.894338, 0.605662]
[-0.894338, 0.894338]
[-0.605662, 0.394338]
[-0.605662, 0.605662]
[-0.394338, 0.605662]
[-0.394338, 0.894338]
[-0.105662, 0.894338]
#neighbors for quad 30
[-0.394338, 0.894338]
[-0.894338, 0.894338]
[-0.605662, 0.605662]
[-0.394338, 0.394338]
[-0.394338, 0.605662]
[-0.105662, 0.605662]
[-0.605662, 0.894338]
[-0.105662, 0.894338]
[0.105662, 0.894338]
#neighbors for quad 31
[-0.105662, 0.894338]
[-0.105662, 0.394338]
[-0.394338, 0.605662]
[-0.105662, 0.605662]
[-0.605662, 0.894338]
[-0.394338, 0.894338]
[0.105662, 0.605662]
[0.105662, 0.894338]
[0.394338, 0.894338]
#neighbors for quad 32
[0.105662, -0.894338]
[-0.394338, -0.894338]
[-0.105662, -0.894338]
[-0.105662, -0.605662]
[0.394338, -0.894338]
[0.605662, -0.894338]
[0.105662, -0.605662]
[0.394338, -0.605662]
[0.105662, -0.394338]
#neighbors for quad 33
[0.394338, -0.894338]
[-0.105662, -0.894338]
[0.105662, -0.894338]
[0.605662, -0.894338]
[0.894338, -0.894338]
[0.105662, -0.605662]
[0.394338, -0.605662]
[0.394338, -0.394338]
[0.605662, -0.605662]
#neighbors for quad 48
[0.605662, -0.894338]
[0.105662, -0.894338]
[0.394338, -0.894338]
[0.894338, -0.894338]
[0.605662, -0.605662]
[0.605662, -0.394338]
[0.894338, -0.605662]
[0.394338, -0.605662]
#neighbors for quad 34
[0.105662, -0.605662]
[-0.105662, -0.894338]
[-0.394338, -0.605662]
[-0.105662, -0.605662]
[-0.105662, -0.394338]
[0.105662, -0.894338]
[0.394338, -0.894338]
[0.394338, -0.605662]
[0.105662, -0.394338]
[0.394338, -0.394338]
[0.105662, -0.105662]
[0.605662, -0.605662]
#neighbors for quad 35
[0.394338, -0.605662]
[-0.105662, -0.605662]
[0.105662, -0.894338]
[0.394338, -0.894338]
[0.105662, -0.605662]
[0.605662, -0.894338]
[0.105662, -0.394338]
[0.394338, -0.394338]
[0.394338, -0.105662]
[0.605662, -0.605662]
[0.605662, -0.394338]
[0.894338, -0.605662]
#neighbors for quad 36
[0.105662, -0.394338]
[-0.105662, -0.605662]
[-0.394338, -0.394338]
[-0.105662, -0.394338]
[-0.105662, -0.105662]
[0.105662, -0.894338]
[0.105662, -0.605662]
[0.394338, -0.605662]
[0.394338, -0.394338]
[0.105662, -0.105662]
[0.394338, -0.105662]
[0.605662, -0.394338]
[0.105662, 0.105662]
#neighbors for quad 37
[0.394338, -0.394338]
[-0.105662, -0.394338]
[0.394338, -0.894338]
[0.105662, -0.605662]
[0.394338, -0.605662]
[0.105662, -0.394338]
[0.105662, -0.105662]
[0.394338, -0.105662]
[0.605662, -0.605662]
[0.605662, -0.394338]
[0.605662, -0.105662]
[0.894338, -0.394338]
[0.394338, 0.105662]
#neighbors for quad 38
[0.105662, -0.105662]
[-0.105662, -0.394338]
[-0.394338, -0.105662]
[-0.105662, -0.105662]
[-0.105662, 0.105662]
[0.105662, -0.605662]
[0.105662, -0.394338]
[0.394338, -0.394338]
[0.394338, -0.105662]
[0.605662, -0.105662]
[0.105662, 0.105662]
[0.394338, 0.105662]
[0.105662, 0.394338]
#neighbors for quad 39
[0.394338, -0.105662]
[-0.105662, -0.105662]
[0.394338, -0.605662]
[0.105662, -0.394338]
[0.394338, -0.394338]
[0.105662, -0.105662]
[0.605662, -0.394338]
[0.605662, -0.105662]
[0.894338, -0.105662]
[0.105662, 0.105662]
[0.394338, 0.105662]
[0.394338, 0.394338]
[0.605662, 0.105662]
#neighbors for quad 50
[0.605662, -0.605662]
[0.394338, -0.894338]
[0.605662, -0.894338]
[0.105662, -0.605662]
[0.394338, -0.605662]
[0.394338, -0.394338]
[0.605662, -0.394338]
[0.605662, -0.105662]
[0.894338, -0.605662]
[0.894338, -0.394338]
[0.894338, -0.894338]
#neighbors for quad 52
[0.605662, -0.394338]
[0.605662, -0.894338]
[0.394338, -0.605662]
[0.105662, -0.394338]
[0.394338, -0.394338]
[0.394338, -0.105662]
[0.605662, -0.605662]
[0.605662, -0.105662]
[0.894338, -0.394338]
[0.894338, -0.105662]
[0.605662, 0.105662]
[0.894338, -0.605662]
#neighbors for quad 54
[0.605662, -0.105662]
[0.394338, -0.394338]
[0.105662, -0.105662]
[0.394338, -0.105662]
[0.605662, -0.605662]
[0.605662, -0.394338]
[0.894338, -0.105662]
[0.605662, 0.105662]
[0.605662, 0.394338]
[0.894338, 0.105662]
[0.394338, 0.105662]
[0.894338, -0.394338]
#neighbors for quad 40
[0.105662, 0.105662]
[-0.105662, -0.105662]
[-0.394338, 0.105662]
[-0.105662, 0.105662]
[-0.105662, 0.394338]
[0.105662, -0.394338]
[0.105662, -0.105662]
[0.394338, -0.105662]
[0.394338, 0.105662]
[0.105662, 0.394338]
[0.394338, 0.394338]
[0.105662, 0.605662]
[0.605662, 0.105662]
#neighbors for quad 41
[0.394338, 0.105662]
[-0.105662, 0.105662]
[0.394338, -0.394338]
[0.105662, -0.105662]
[0.394338, -0.105662]
[0.105662, 0.105662]
[0.605662, -0.105662]
[0.105662, 0.394338]
[0.394338, 0.394338]
[0.394338, 0.605662]
[0.605662, 0.105662]
[0.605662, 0.394338]
[0.894338, 0.105662]
#neighbors for quad 42
[0.105662, 0.394338]
[-0.105662, 0.105662]
[-0.394338, 0.394338]
[-0.105662, 0.394338]
[-0.105662, 0.605662]
[0.105662, -0.105662]
[0.105662, 0.105662]
[0.394338, 0.105662]
[0.394338, 0.394338]
[0.105662, 0.605662]
[0.394338, 0.605662]
[0.605662, 0.394338]
[0.105662, 0.894338]
#neighbors for quad 43
[0.394338, 0.394338]
[-0.105662, 0.394338]
[0.394338, -0.105662]
[0.105662, 0.105662]
[0.394338, 0.105662]
[0.105662, 0.394338]
[0.105662, 0.605662]
[0.394338, 0.605662]
[0.605662, 0.105662]
[0.605662, 0.394338]
[0.605662, 0.605662]
[0.894338, 0.394338]
[0.394338, 0.894338]
#neighbors for quad 44
[0.105662, 0.605662]
[-0.105662, 0.394338]
[-0.394338, 0.605662]
[-0.105662, 0.605662]
[-0.105662, 0.894338]
[0.105662, 0.105662]
[0.105662, 0.394338]
[0.394338, 0.394338]
[0.394338, 0.605662]
[0.605662, 0.605662]
[0.105662, 0.894338]
[0.394338, 0.894338]
#neighbors for quad 45
[0.394338, 0.605662]
[-0.105662, 0.605662]
[0.394338, 0.105662]
[0.105662, 0.394338]
[0.394338, 0.394338]
[0.105662, 0.605662]
[0.605662, 0.394338]
[0.605662, 0.605662]
[0.894338, 0.605662]
[0.105662, 0.894338]
[0.394338, 0.894338]
[0.605662, 0.894338]
#neighbors for quad 56
[0.605662, 0.105662]
[0.394338, -0.105662]
[0.605662, -0.394338]
[0.605662, -0.105662]
[0.105662, 0.105662]
[0.394338, 0.105662]
[0.394338, 0.394338]
[0.605662, 0.394338]
[0.605662, 0.605662]
[0.894338, 0.105662]
[0.894338, 0.394338]
[0.894338, -0.105662]
#neighbors for quad 58
[0.605662, 0.394338]
[0.605662, -0.105662]
[0.394338, 0.105662]
[0.105662, 0.394338]
[0.394338, 0.394338]
[0.394338, 0.605662]
[0.605662, 0.105662]
[0.605662, 0.605662]
[0.894338, 0.394338]
[0.894338, 0.605662]
[0.605662, 0.894338]
[0.894338, 0.105662]
#neighbors for quad 60
[0.605662, 0.605662]
[0.394338, 0.394338]
[0.105662, 0.605662]
[0.394338, 0.605662]
[0.605662, 0.105662]
[0.605662, 0.394338]
[0.894338, 0.605662]
[0.605662, 0.894338]
[0.894338, 0.894338]
[0.394338, 0.894338]
[0.894338, 0.394338]
#neighbors for quad 46
[0.105662, 0.894338]
[-0.105662, 0.605662]
[-0.394338, 0.894338]
[-0.105662, 0.894338]
[0.105662, 0.394338]
[0.105662, 0.605662]
[0.394338, 0.605662]
[0.394338, 0.894338]
[0.605662, 0.894338]
#neighbors for quad 47
[0.394338, 0.894338]
[-0.105662, 0.894338]
[0.394338, 0.394338]
[0.105662, 0.605662]
[0.394338, 0.605662]
[0.105662, 0.894338]
[0.605662, 0.605662]
[0.605662, 0.894338]
[0.894338, 0.894338]
#neighbors for quad 62
[0.605662, 0.894338]
[0.394338, 0.605662]
[0.605662, 0.394338]
[0.605662, 0.605662]
[0.105662, 0.894338]
[0.394338, 0.894338]
[0.894338, 0.894338]
[0.894338, 0.605662]
#neighbors for quad 49
[0.894338, -0.894338]
[0.394338, -0.894338]
[0.605662, -0.894338]
[0.605662, -0.605662]
[0.894338, -0.605662]
[0.894338, -0.394338]
#neighbors for quad 51
[0.894338, -0.605662]
[0.605662, -0.894338]
[0.394338, -0.605662]
[0.605662, -0.605662]
[0.894338, -0.894338]
[0.605662, -0.394338]
[0.894338, -0.394338]
[0.894338, -0.105662]
#neighbors for quad 53
[0.894338, -0.394338]
[0.394338, -0.394338]
[0.605662, -0.605662]
[0.605662, -0.394338]
[0.894338, -0.894338]
[0.894338, -0.605662]
[0.605662, -0.105662]
[0.894338, -0.105662]
[0.894338, 0.105662]
#neighbors for quad 55
[0.894338, -0.105662]
[0.394338, -0.105662]
[0.605662, -0.394338]
[0.605662, -0.105662]
[0.894338, -0.605662]
[0.894338, -0.394338]
[0.605662, 0.105662]
[0.894338, 0.105662]
[0.894338, 0.394338]
#neighbors for quad 57
[0.894338, 0.105662]
[0.605662, -0.105662]
[0.394338, 0.105662]
[0.605662, 0.105662]
[0.894338, -0.394338]
[0.894338, -0.105662]
[0.605662, 0.394338]
[0.894338, 0.394338]
[0.894338, 0.605662]
#neighbors for quad 59
[0.894338, 0.394338]
[0.394338, 0.394338]
[0.605662, 0.105662]
[0.605662, 0.394338]
[0.894338, -0.105662]
[0.894338, 0.105662]
[0.605662, 0.605662]
[0.894338, 0.605662]
[0.894338, 0.894338]
#neighbors for quad 61
[0.894338, 0.605662]
[0.394338, 0.605662]
[0.605662, 0.394338]
[0.605662, 0.605662]
[0.894338, 0.105662]
[0.894338, 0.394338]
[0.605662, 0.894338]
[0.894338, 0.894338]
#neighbors for quad 63
[0.894338, 0.894338]
[0.605662, 0.605662]
[0.394338, 0.894338]
[0.605662, 0.894338]
[0.894338, 0.394338]
[0.894338, 0.605662]
