ElementToSubelement2
_segment_2 0 connected to _triangle_3 0, _not_defined 4294967295,  
_segment_2 1 connected to _triangle_3 0, _triangle_3 1,  
_segment_2 2 connected to _triangle_3 0, _not_defined 4294967295,  
_segment_2 3 connected to _triangle_3 1, _triangle_3 4,  
_segment_2 4 connected to _triangle_3 1, _triangle_3 2,  
_segment_2 5 connected to _triangle_3 2, _triangle_3 3,  
_segment_2 6 connected to _triangle_3 2, _not_defined 4294967295,  
_segment_2 7 connected to _triangle_3 3, _triangle_3 6,  
_segment_2 8 connected to _triangle_3 3, _not_defined 4294967295,  
_segment_2 9 connected to _triangle_3 4, _not_defined 4294967295,  
_segment_2 10 connected to _triangle_3 4, _triangle_3 5,  
_segment_2 11 connected to _triangle_3 5, _not_defined 4294967295,  
_segment_2 12 connected to _triangle_3 5, _triangle_3 6,  
_segment_2 13 connected to _triangle_3 6, _triangle_3 7,  
_segment_2 14 connected to _triangle_3 7, _not_defined 4294967295,  
_segment_2 15 connected to _triangle_3 7, _not_defined 4294967295,  
ElementToSubelement1
_point_1 0 connected to _segment_2 0, _segment_2 2,  
_point_1 1 connected to _segment_2 0, _segment_2 1, _segment_2 3, _segment_2 9,  
_point_1 2 connected to _segment_2 1, _segment_2 2, _segment_2 4, _segment_2 6,  
_point_1 3 connected to _segment_2 3, _segment_2 4, _segment_2 5, _segment_2 7, _segment_2 10, _segment_2 12,  
_point_1 4 connected to _segment_2 5, _segment_2 6, _segment_2 8,  
_point_1 5 connected to _segment_2 7, _segment_2 8, _segment_2 13, _segment_2 15,  
_point_1 6 connected to _segment_2 9, _segment_2 10, _segment_2 11,  
_point_1 7 connected to _segment_2 11, _segment_2 12, _segment_2 13, _segment_2 14,  
_point_1 8 connected to _segment_2 14, _segment_2 15,  
 
SubelementToElement2
_triangle_3 0 connected to _segment_2 0, _segment_2 1, _segment_2 2,  
_triangle_3 1 connected to _segment_2 1, _segment_2 3, _segment_2 4,  
_triangle_3 2 connected to _segment_2 4, _segment_2 5, _segment_2 6,  
_triangle_3 3 connected to _segment_2 5, _segment_2 7, _segment_2 8,  
_triangle_3 4 connected to _segment_2 3, _segment_2 9, _segment_2 10,  
_triangle_3 5 connected to _segment_2 10, _segment_2 11, _segment_2 12,  
_triangle_3 6 connected to _segment_2 7, _segment_2 12, _segment_2 13,  
_triangle_3 7 connected to _segment_2 13, _segment_2 14, _segment_2 15,  
SubelementToElement1
_segment_2 0 connected to _point_1 0, _point_1 1,  
_segment_2 1 connected to _point_1 1, _point_1 2,  
_segment_2 2 connected to _point_1 0, _point_1 2,  
_segment_2 3 connected to _point_1 1, _point_1 3,  
_segment_2 4 connected to _point_1 2, _point_1 3,  
_segment_2 5 connected to _point_1 3, _point_1 4,  
_segment_2 6 connected to _point_1 2, _point_1 4,  
_segment_2 7 connected to _point_1 3, _point_1 5,  
_segment_2 8 connected to _point_1 4, _point_1 5,  
_segment_2 9 connected to _point_1 1, _point_1 6,  
_segment_2 10 connected to _point_1 3, _point_1 6,  
_segment_2 11 connected to _point_1 6, _point_1 7,  
_segment_2 12 connected to _point_1 3, _point_1 7,  
_segment_2 13 connected to _point_1 5, _point_1 7,  
_segment_2 14 connected to _point_1 7, _point_1 8,  
_segment_2 15 connected to _point_1 5, _point_1 8,  
